// Jest Snapshot v1, https://goo.gl/fbAQLP

exports[`Index page should match the snapshot 1`] = `
<div
  className="container"
>
  <main
    className="main"
  >
    <h1
      className="title"
    >
      Welcome to 
      <a
        href="https://nextjs.org"
      >
        Zerod
      </a>
       ðŸŽ‰
    </h1>
    <p
      className="description"
    >
      Get started by editing 
      <code
        className="code"
      >
        pages/index.js
      </code>
    </p>
    <h1>
      Next SpaceX Launch: 
      Mission Name
    </h1>
    <p>
      Falcon 9
       will take off from 
      Kennedy Space Center
       on 
      Sun Nov 15 2020
    </p>
    <div
      className="grid"
    >
      <a
        className="card"
        href="https://nextjs.org/docs"
      >
        <h3>
          Documentation â†’
        </h3>
        <p>
          Find in-depth information about Next.js features and API.
        </p>
      </a>
      <a
        className="card"
        href="https://nextjs.org/learn"
      >
        <h3>
          Learn â†’
        </h3>
        <p>
          Learn about Next.js in an interactive course with quizzes!
        </p>
      </a>
      <a
        className="card"
        href="https://github.com/vercel/next.js/tree/master/examples"
      >
        <h3>
          Examples â†’
        </h3>
        <p>
          Discover and deploy boilerplate example Next.js projects.
        </p>
      </a>
      <a
        className="card"
        href="https://vercel.com/import?filter=next.js&utm_source=create-next-app&utm_medium=default-template&utm_campaign=create-next-app"
      >
        <h3>
          Deploy â†’
        </h3>
        <p>
          Instantly deploy your Next.js site to a public URL with Vercel.
        </p>
      </a>
      <button
        className="bg-primary"
      >
        Je suis un bouton primaire
      </button>
      <button
        className="bg-secondary"
      >
        Je suis un bouton primaire
      </button>
    </div>
  </main>
  <footer
    className="footer"
  >
    <a
      href="https://vercel.com?utm_source=create-next-app&utm_medium=default-template&utm_campaign=create-next-app"
      rel="noopener noreferrer"
      target="_blank"
    >
      Powered by 
      <img
        alt="Vercel Logo"
        className="logo"
        src="/vercel.svg"
      />
    </a>
  </footer>
</div>
`;
